Archive member included to satisfy reference by file (symbol)

/usr/lib/gcc/avr/4.9.2/avr6/libgcc.a(_udivmodsi4.o)
                              ./uart.o (__udivmodsi4)
/usr/lib/gcc/avr/4.9.2/avr6/libgcc.a(_exit.o)
                              /usr/lib/gcc/avr/4.9.2/../../../avr/lib/avr6/crtatmega2560.o (exit)
/usr/lib/gcc/avr/4.9.2/avr6/libgcc.a(_clear_bss.o)
                              ./ext.o (__do_clear_bss)
/usr/lib/gcc/avr/4.9.2/avr6/libgcc.a(_ctors.o)
                              ./main.o (__do_global_ctors)
/usr/lib/gcc/avr/4.9.2/avr6/libgcc.a(_dtors.o)
                              ./main.o (__do_global_dtors)
/usr/lib/gcc/avr/4.9.2/avr6/libgcc.a(_tablejump2.o)
                              /usr/lib/gcc/avr/4.9.2/avr6/libgcc.a(_ctors.o) (__tablejump2__)

Discarded input sections

 .data          0x0000000000000000        0x0 /usr/lib/gcc/avr/4.9.2/../../../avr/lib/avr6/crtatmega2560.o
 .bss           0x0000000000000000        0x0 /usr/lib/gcc/avr/4.9.2/../../../avr/lib/avr6/crtatmega2560.o
 .group         0x0000000000000000        0x8 ./ext.o
 .text          0x0000000000000000        0x0 ./ext.o
 .data          0x0000000000000000        0x0 ./ext.o
 .bss           0x0000000000000000        0x0 ./ext.o
 .text          0x0000000000000000        0x0 ./main.o
 .data          0x0000000000000000        0x0 ./main.o
 .bss           0x0000000000000000        0x0 ./main.o
 .text          0x0000000000000000        0x0 ./uart.o
 .data          0x0000000000000000        0x0 ./uart.o
 .bss           0x0000000000000000        0x0 ./uart.o
 .text          0x0000000000000000        0x0 /usr/lib/gcc/avr/4.9.2/avr6/libgcc.a(_udivmodsi4.o)
 .data          0x0000000000000000        0x0 /usr/lib/gcc/avr/4.9.2/avr6/libgcc.a(_udivmodsi4.o)
 .bss           0x0000000000000000        0x0 /usr/lib/gcc/avr/4.9.2/avr6/libgcc.a(_udivmodsi4.o)
 .text.libgcc.mul
                0x0000000000000000        0x0 /usr/lib/gcc/avr/4.9.2/avr6/libgcc.a(_udivmodsi4.o)
 .text.libgcc   0x0000000000000000        0x0 /usr/lib/gcc/avr/4.9.2/avr6/libgcc.a(_udivmodsi4.o)
 .text.libgcc.prologue
                0x0000000000000000        0x0 /usr/lib/gcc/avr/4.9.2/avr6/libgcc.a(_udivmodsi4.o)
 .text.libgcc.builtins
                0x0000000000000000        0x0 /usr/lib/gcc/avr/4.9.2/avr6/libgcc.a(_udivmodsi4.o)
 .text.libgcc.fmul
                0x0000000000000000        0x0 /usr/lib/gcc/avr/4.9.2/avr6/libgcc.a(_udivmodsi4.o)
 .text.libgcc.fixed
                0x0000000000000000        0x0 /usr/lib/gcc/avr/4.9.2/avr6/libgcc.a(_udivmodsi4.o)
 .text          0x0000000000000000        0x0 /usr/lib/gcc/avr/4.9.2/avr6/libgcc.a(_exit.o)
 .data          0x0000000000000000        0x0 /usr/lib/gcc/avr/4.9.2/avr6/libgcc.a(_exit.o)
 .bss           0x0000000000000000        0x0 /usr/lib/gcc/avr/4.9.2/avr6/libgcc.a(_exit.o)
 .text.libgcc.mul
                0x0000000000000000        0x0 /usr/lib/gcc/avr/4.9.2/avr6/libgcc.a(_exit.o)
 .text.libgcc.div
                0x0000000000000000        0x0 /usr/lib/gcc/avr/4.9.2/avr6/libgcc.a(_exit.o)
 .text.libgcc   0x0000000000000000        0x0 /usr/lib/gcc/avr/4.9.2/avr6/libgcc.a(_exit.o)
 .text.libgcc.prologue
                0x0000000000000000        0x0 /usr/lib/gcc/avr/4.9.2/avr6/libgcc.a(_exit.o)
 .text.libgcc.builtins
                0x0000000000000000        0x0 /usr/lib/gcc/avr/4.9.2/avr6/libgcc.a(_exit.o)
 .text.libgcc.fmul
                0x0000000000000000        0x0 /usr/lib/gcc/avr/4.9.2/avr6/libgcc.a(_exit.o)
 .text.libgcc.fixed
                0x0000000000000000        0x0 /usr/lib/gcc/avr/4.9.2/avr6/libgcc.a(_exit.o)
 .text          0x0000000000000000        0x0 /usr/lib/gcc/avr/4.9.2/avr6/libgcc.a(_clear_bss.o)
 .data          0x0000000000000000        0x0 /usr/lib/gcc/avr/4.9.2/avr6/libgcc.a(_clear_bss.o)
 .bss           0x0000000000000000        0x0 /usr/lib/gcc/avr/4.9.2/avr6/libgcc.a(_clear_bss.o)
 .text.libgcc.mul
                0x0000000000000000        0x0 /usr/lib/gcc/avr/4.9.2/avr6/libgcc.a(_clear_bss.o)
 .text.libgcc.div
                0x0000000000000000        0x0 /usr/lib/gcc/avr/4.9.2/avr6/libgcc.a(_clear_bss.o)
 .text.libgcc   0x0000000000000000        0x0 /usr/lib/gcc/avr/4.9.2/avr6/libgcc.a(_clear_bss.o)
 .text.libgcc.prologue
                0x0000000000000000        0x0 /usr/lib/gcc/avr/4.9.2/avr6/libgcc.a(_clear_bss.o)
 .text.libgcc.builtins
                0x0000000000000000        0x0 /usr/lib/gcc/avr/4.9.2/avr6/libgcc.a(_clear_bss.o)
 .text.libgcc.fmul
                0x0000000000000000        0x0 /usr/lib/gcc/avr/4.9.2/avr6/libgcc.a(_clear_bss.o)
 .text.libgcc.fixed
                0x0000000000000000        0x0 /usr/lib/gcc/avr/4.9.2/avr6/libgcc.a(_clear_bss.o)
 .text          0x0000000000000000        0x0 /usr/lib/gcc/avr/4.9.2/avr6/libgcc.a(_ctors.o)
 .data          0x0000000000000000        0x0 /usr/lib/gcc/avr/4.9.2/avr6/libgcc.a(_ctors.o)
 .bss           0x0000000000000000        0x0 /usr/lib/gcc/avr/4.9.2/avr6/libgcc.a(_ctors.o)
 .text.libgcc.mul
                0x0000000000000000        0x0 /usr/lib/gcc/avr/4.9.2/avr6/libgcc.a(_ctors.o)
 .text.libgcc.div
                0x0000000000000000        0x0 /usr/lib/gcc/avr/4.9.2/avr6/libgcc.a(_ctors.o)
 .text.libgcc   0x0000000000000000        0x0 /usr/lib/gcc/avr/4.9.2/avr6/libgcc.a(_ctors.o)
 .text.libgcc.prologue
                0x0000000000000000        0x0 /usr/lib/gcc/avr/4.9.2/avr6/libgcc.a(_ctors.o)
 .text.libgcc.builtins
                0x0000000000000000        0x0 /usr/lib/gcc/avr/4.9.2/avr6/libgcc.a(_ctors.o)
 .text.libgcc.fmul
                0x0000000000000000        0x0 /usr/lib/gcc/avr/4.9.2/avr6/libgcc.a(_ctors.o)
 .text.libgcc.fixed
                0x0000000000000000        0x0 /usr/lib/gcc/avr/4.9.2/avr6/libgcc.a(_ctors.o)
 .text          0x0000000000000000        0x0 /usr/lib/gcc/avr/4.9.2/avr6/libgcc.a(_dtors.o)
 .data          0x0000000000000000        0x0 /usr/lib/gcc/avr/4.9.2/avr6/libgcc.a(_dtors.o)
 .bss           0x0000000000000000        0x0 /usr/lib/gcc/avr/4.9.2/avr6/libgcc.a(_dtors.o)
 .text.libgcc.mul
                0x0000000000000000        0x0 /usr/lib/gcc/avr/4.9.2/avr6/libgcc.a(_dtors.o)
 .text.libgcc.div
                0x0000000000000000        0x0 /usr/lib/gcc/avr/4.9.2/avr6/libgcc.a(_dtors.o)
 .text.libgcc   0x0000000000000000        0x0 /usr/lib/gcc/avr/4.9.2/avr6/libgcc.a(_dtors.o)
 .text.libgcc.prologue
                0x0000000000000000        0x0 /usr/lib/gcc/avr/4.9.2/avr6/libgcc.a(_dtors.o)
 .text.libgcc.builtins
                0x0000000000000000        0x0 /usr/lib/gcc/avr/4.9.2/avr6/libgcc.a(_dtors.o)
 .text.libgcc.fmul
                0x0000000000000000        0x0 /usr/lib/gcc/avr/4.9.2/avr6/libgcc.a(_dtors.o)
 .text.libgcc.fixed
                0x0000000000000000        0x0 /usr/lib/gcc/avr/4.9.2/avr6/libgcc.a(_dtors.o)
 .text          0x0000000000000000        0x0 /usr/lib/gcc/avr/4.9.2/avr6/libgcc.a(_tablejump2.o)
 .data          0x0000000000000000        0x0 /usr/lib/gcc/avr/4.9.2/avr6/libgcc.a(_tablejump2.o)
 .bss           0x0000000000000000        0x0 /usr/lib/gcc/avr/4.9.2/avr6/libgcc.a(_tablejump2.o)
 .text.libgcc.mul
                0x0000000000000000        0x0 /usr/lib/gcc/avr/4.9.2/avr6/libgcc.a(_tablejump2.o)
 .text.libgcc.div
                0x0000000000000000        0x0 /usr/lib/gcc/avr/4.9.2/avr6/libgcc.a(_tablejump2.o)
 .text.libgcc.prologue
                0x0000000000000000        0x0 /usr/lib/gcc/avr/4.9.2/avr6/libgcc.a(_tablejump2.o)
 .text.libgcc.builtins
                0x0000000000000000        0x0 /usr/lib/gcc/avr/4.9.2/avr6/libgcc.a(_tablejump2.o)
 .text.libgcc.fmul
                0x0000000000000000        0x0 /usr/lib/gcc/avr/4.9.2/avr6/libgcc.a(_tablejump2.o)
 .text.libgcc.fixed
                0x0000000000000000        0x0 /usr/lib/gcc/avr/4.9.2/avr6/libgcc.a(_tablejump2.o)

Memory Configuration

Name             Origin             Length             Attributes
text             0x0000000000000000 0x0000000000100000 xr
data             0x0000000000800200 0x000000000000fe00 rw !x
eeprom           0x0000000000810000 0x0000000000010000 rw !x
fuse             0x0000000000820000 0x0000000000000400 rw !x
lock             0x0000000000830000 0x0000000000000400 rw !x
signature        0x0000000000840000 0x0000000000000400 rw !x
user_signatures  0x0000000000850000 0x0000000000000400 rw !x
*default*        0x0000000000000000 0xffffffffffffffff

Linker script and memory map

Address of section .data set to 0x800200
LOAD /usr/lib/gcc/avr/4.9.2/../../../avr/lib/avr6/crtatmega2560.o
LOAD ./ext.o
LOAD ./main.o
LOAD ./uart.o
LOAD /usr/lib/gcc/avr/4.9.2/avr6/libgcc.a
LOAD /usr/lib/gcc/avr/4.9.2/../../../avr/lib/avr6/libm.a
START GROUP
LOAD /usr/lib/gcc/avr/4.9.2/avr6/libgcc.a
LOAD /usr/lib/gcc/avr/4.9.2/../../../avr/lib/avr6/libm.a
LOAD /usr/lib/gcc/avr/4.9.2/../../../avr/lib/avr6/libc.a
LOAD /usr/lib/gcc/avr/4.9.2/../../../avr/lib/avr6/libatmega2560.a
END GROUP
                0x0000000000100000                __TEXT_REGION_LENGTH__ = DEFINED (__TEXT_REGION_LENGTH__)?__TEXT_REGION_LENGTH__:0x100000
                0x000000000000fe00                __DATA_REGION_LENGTH__ = DEFINED (__DATA_REGION_LENGTH__)?__DATA_REGION_LENGTH__:0xfe00
                0x0000000000010000                __EEPROM_REGION_LENGTH__ = DEFINED (__EEPROM_REGION_LENGTH__)?__EEPROM_REGION_LENGTH__:0x10000
                0x0000000000000400                __FUSE_REGION_LENGTH__ = DEFINED (__FUSE_REGION_LENGTH__)?__FUSE_REGION_LENGTH__:0x400
                0x0000000000000400                __LOCK_REGION_LENGTH__ = DEFINED (__LOCK_REGION_LENGTH__)?__LOCK_REGION_LENGTH__:0x400
                0x0000000000000400                __SIGNATURE_REGION_LENGTH__ = DEFINED (__SIGNATURE_REGION_LENGTH__)?__SIGNATURE_REGION_LENGTH__:0x400
                0x0000000000000400                __USER_SIGNATURE_REGION_LENGTH__ = DEFINED (__USER_SIGNATURE_REGION_LENGTH__)?__USER_SIGNATURE_REGION_LENGTH__:0x400

.hash
 *(.hash)

.dynsym
 *(.dynsym)

.dynstr
 *(.dynstr)

.gnu.version
 *(.gnu.version)

.gnu.version_d
 *(.gnu.version_d)

.gnu.version_r
 *(.gnu.version_r)

.rel.init
 *(.rel.init)

.rela.init
 *(.rela.init)

.rel.text
 *(.rel.text)
 *(.rel.text.*)
 *(.rel.gnu.linkonce.t*)

.rela.text
 *(.rela.text)
 *(.rela.text.*)
 *(.rela.gnu.linkonce.t*)

.rel.fini
 *(.rel.fini)

.rela.fini
 *(.rela.fini)

.rel.rodata
 *(.rel.rodata)
 *(.rel.rodata.*)
 *(.rel.gnu.linkonce.r*)

.rela.rodata
 *(.rela.rodata)
 *(.rela.rodata.*)
 *(.rela.gnu.linkonce.r*)

.rel.data
 *(.rel.data)
 *(.rel.data.*)
 *(.rel.gnu.linkonce.d*)

.rela.data
 *(.rela.data)
 *(.rela.data.*)
 *(.rela.gnu.linkonce.d*)

.rel.ctors
 *(.rel.ctors)

.rela.ctors
 *(.rela.ctors)

.rel.dtors
 *(.rel.dtors)

.rela.dtors
 *(.rela.dtors)

.rel.got
 *(.rel.got)

.rela.got
 *(.rela.got)

.rel.bss
 *(.rel.bss)

.rela.bss
 *(.rela.bss)

.rel.plt
 *(.rel.plt)

.rela.plt
 *(.rela.plt)

.text           0x0000000000000000      0xb18
 *(.vectors)
 .vectors       0x0000000000000000       0xe4 /usr/lib/gcc/avr/4.9.2/../../../avr/lib/avr6/crtatmega2560.o
                0x0000000000000000                __vectors
                0x0000000000000000                __vector_default
 *(.vectors)
 *(.progmem.gcc*)
                0x00000000000000e4                . = ALIGN (0x2)
                0x00000000000000e4                __trampolines_start = .
 *(.trampolines)
 .trampolines   0x00000000000000e4        0x0 linker stubs
 *(.trampolines*)
                0x00000000000000e4                __trampolines_end = .
 *libprintf_flt.a:*(.progmem.data)
 *libc.a:*(.progmem.data)
 *(.progmem*)
                0x00000000000000e4                . = ALIGN (0x2)
 *(.jumptables)
 *(.jumptables*)
 *(.lowtext)
 *(.lowtext*)
                0x00000000000000e4                __ctors_start = .
 *(.ctors)
 .ctors         0x00000000000000e4        0x2 ./main.o
                0x00000000000000e6                __ctors_end = .
                0x00000000000000e6                __dtors_start = .
 *(.dtors)
 .dtors         0x00000000000000e6        0x2 ./main.o
                0x00000000000000e8                __dtors_end = .
 SORT(*)(.ctors)
 SORT(*)(.dtors)
 *(.init0)
 .init0         0x00000000000000e8        0x0 /usr/lib/gcc/avr/4.9.2/../../../avr/lib/avr6/crtatmega2560.o
                0x00000000000000e8                __init
 *(.init0)
 *(.init1)
 *(.init1)
 *(.init2)
 .init2         0x00000000000000e8       0x10 /usr/lib/gcc/avr/4.9.2/../../../avr/lib/avr6/crtatmega2560.o
 *(.init2)
 *(.init3)
 *(.init3)
 *(.init4)
 .init4         0x00000000000000f8       0x10 /usr/lib/gcc/avr/4.9.2/avr6/libgcc.a(_clear_bss.o)
                0x00000000000000f8                __do_clear_bss
 *(.init4)
 *(.init5)
 *(.init5)
 *(.init6)
 .init6         0x0000000000000108       0x1e /usr/lib/gcc/avr/4.9.2/avr6/libgcc.a(_ctors.o)
                0x0000000000000108                __do_global_ctors
 *(.init6)
 *(.init7)
 *(.init7)
 *(.init8)
 *(.init8)
 *(.init9)
 .init9         0x0000000000000126        0x4 /usr/lib/gcc/avr/4.9.2/../../../avr/lib/avr6/crtatmega2560.o
 *(.init9)
 *(.text)
 .text          0x000000000000012a        0x2 /usr/lib/gcc/avr/4.9.2/../../../avr/lib/avr6/crtatmega2560.o
                0x000000000000012a                __vector_38
                0x000000000000012a                __vector_22
                0x000000000000012a                __vector_28
                0x000000000000012a                __vector_32
                0x000000000000012a                __vector_34
                0x000000000000012a                __vector_24
                0x000000000000012a                __vector_12
                0x000000000000012a                __vector_55
                0x000000000000012a                __vector_46
                0x000000000000012a                __bad_interrupt
                0x000000000000012a                __vector_31
                0x000000000000012a                __vector_35
                0x000000000000012a                __vector_39
                0x000000000000012a                __vector_23
                0x000000000000012a                __vector_30
                0x000000000000012a                __vector_45
                0x000000000000012a                __vector_11
                0x000000000000012a                __vector_54
                0x000000000000012a                __vector_13
                0x000000000000012a                __vector_17
                0x000000000000012a                __vector_19
                0x000000000000012a                __vector_56
                0x000000000000012a                __vector_49
                0x000000000000012a                __vector_41
                0x000000000000012a                __vector_43
                0x000000000000012a                __vector_27
                0x000000000000012a                __vector_33
                0x000000000000012a                __vector_47
                0x000000000000012a                __vector_52
                0x000000000000012a                __vector_37
                0x000000000000012a                __vector_44
                0x000000000000012a                __vector_51
                0x000000000000012a                __vector_9
                0x000000000000012a                __vector_21
                0x000000000000012a                __vector_15
                0x000000000000012a                __vector_36
                0x000000000000012a                __vector_29
                0x000000000000012a                __vector_40
                0x000000000000012a                __vector_48
                0x000000000000012a                __vector_14
                0x000000000000012a                __vector_53
                0x000000000000012a                __vector_10
                0x000000000000012a                __vector_50
                0x000000000000012a                __vector_16
                0x000000000000012a                __vector_18
                0x000000000000012a                __vector_20
                0x000000000000012a                __vector_42
                0x000000000000012c                . = ALIGN (0x2)
 *(.text.*)
 .text._ZN6EXTINT8callbackEv
                0x000000000000012c       0x28 ./ext.o
                0x000000000000012c                _ZN6EXTINT8callbackEv
 .text._ZN6EXTINTC2ENS_8INT_ID_tENS_5ISC_tEPFvvE
                0x0000000000000154      0x110 ./ext.o
                0x0000000000000154                _ZN6EXTINTC2ENS_8INT_ID_tENS_5ISC_tEPFvvE
                0x0000000000000154                _ZN6EXTINTC1ENS_8INT_ID_tENS_5ISC_tEPFvvE
 .text._ZN6EXTINT6enableEv
                0x0000000000000264       0x48 ./ext.o
                0x0000000000000264                _ZN6EXTINT6enableEv
 .text._ZN6EXTINT7disableEv
                0x00000000000002ac       0x4a ./ext.o
                0x00000000000002ac                _ZN6EXTINT7disableEv
 .text.__vector_1
                0x00000000000002f6       0x6a ./ext.o
                0x00000000000002f6                __vector_1
 .text.__vector_2
                0x0000000000000360       0x6a ./ext.o
                0x0000000000000360                __vector_2
 .text.__vector_3
                0x00000000000003ca       0x6a ./ext.o
                0x00000000000003ca                __vector_3
 .text.__vector_4
                0x0000000000000434       0x6a ./ext.o
                0x0000000000000434                __vector_4
 .text.__vector_5
                0x000000000000049e       0x6a ./ext.o
                0x000000000000049e                __vector_5
 .text.__vector_6
                0x0000000000000508       0x6a ./ext.o
                0x0000000000000508                __vector_6
 .text.__vector_7
                0x0000000000000572       0x6a ./ext.o
                0x0000000000000572                __vector_7
 .text.__vector_8
                0x00000000000005dc       0x6a ./ext.o
                0x00000000000005dc                __vector_8
 .text._Z12int0_handlerv
                0x0000000000000646       0x18 ./main.o
                0x0000000000000646                _Z12int0_handlerv
 .text._Z12int1_handlerv
                0x000000000000065e       0x18 ./main.o
                0x000000000000065e                _Z12int1_handlerv
 .text._Z12int2_handlerv
                0x0000000000000676       0x18 ./main.o
                0x0000000000000676                _Z12int2_handlerv
 .text._Z12int3_handlerv
                0x000000000000068e       0x18 ./main.o
                0x000000000000068e                _Z12int3_handlerv
 .text._Z12int4_handlerv
                0x00000000000006a6       0x18 ./main.o
                0x00000000000006a6                _Z12int4_handlerv
 .text._Z12int5_handlerv
                0x00000000000006be       0x18 ./main.o
                0x00000000000006be                _Z12int5_handlerv
 .text._Z12int6_handlerv
                0x00000000000006d6       0x18 ./main.o
                0x00000000000006d6                _Z12int6_handlerv
 .text._Z12int7_handlerv
                0x00000000000006ee       0x18 ./main.o
                0x00000000000006ee                _Z12int7_handlerv
 .text.main     0x0000000000000706       0xe0 ./main.o
                0x0000000000000706                main
 .text._Z41__static_initialization_and_destruction_0ii
                0x00000000000007e6       0x64 ./main.o
 .text._GLOBAL__sub_I_uart
                0x000000000000084a       0x18 ./main.o
 .text._GLOBAL__sub_D_uart
                0x0000000000000862       0x18 ./main.o
 .text._ZN4UARTC2EmNS_10DATABITS_tENS_8PARITY_tENS_10STOPBITS_tE
                0x000000000000087a       0x8a ./uart.o
                0x000000000000087a                _ZN4UARTC2EmNS_10DATABITS_tENS_8PARITY_tENS_10STOPBITS_tE
                0x000000000000087a                _ZN4UARTC1EmNS_10DATABITS_tENS_8PARITY_tENS_10STOPBITS_tE
 .text._ZN4UARTD2Ev
                0x0000000000000904       0x1a ./uart.o
                0x0000000000000904                _ZN4UARTD1Ev
                0x0000000000000904                _ZN4UARTD2Ev
 .text._ZN4UART3getEv
                0x000000000000091e       0x22 ./uart.o
                0x000000000000091e                _ZN4UART3getEv
 .text._ZN4UART3putEh
                0x0000000000000940       0x34 ./uart.o
                0x0000000000000940                _ZN4UART3putEh
 .text._ZN4UART8has_dataEv
                0x0000000000000974       0x1e ./uart.o
                0x0000000000000974                _ZN4UART8has_dataEv
 .text._ZN4UART14rx_isr_handlerEv
                0x0000000000000992       0x20 ./uart.o
                0x0000000000000992                _ZN4UART14rx_isr_handlerEv
 .text._ZN4UART14tx_isr_handlerEv
                0x00000000000009b2       0x2c ./uart.o
                0x00000000000009b2                _ZN4UART14tx_isr_handlerEv
 .text.__vector_25
                0x00000000000009de       0x62 ./uart.o
                0x00000000000009de                __vector_25
 .text.__vector_26
                0x0000000000000a40       0x62 ./uart.o
                0x0000000000000a40                __vector_26
 .text.libgcc.div
                0x0000000000000aa2       0x44 /usr/lib/gcc/avr/4.9.2/avr6/libgcc.a(_udivmodsi4.o)
                0x0000000000000aa2                __udivmodsi4
 .text.libgcc   0x0000000000000ae6       0x10 /usr/lib/gcc/avr/4.9.2/avr6/libgcc.a(_tablejump2.o)
                0x0000000000000ae6                __tablejump2__
                0x0000000000000af6                . = ALIGN (0x2)
 *(.fini9)
 .fini9         0x0000000000000af6        0x0 /usr/lib/gcc/avr/4.9.2/avr6/libgcc.a(_exit.o)
                0x0000000000000af6                exit
                0x0000000000000af6                _exit
 *(.fini9)
 *(.fini8)
 *(.fini8)
 *(.fini7)
 *(.fini7)
 *(.fini6)
 .fini6         0x0000000000000af6       0x1e /usr/lib/gcc/avr/4.9.2/avr6/libgcc.a(_dtors.o)
                0x0000000000000af6                __do_global_dtors
 *(.fini6)
 *(.fini5)
 *(.fini5)
 *(.fini4)
 *(.fini4)
 *(.fini3)
 *(.fini3)
 *(.fini2)
 *(.fini2)
 *(.fini1)
 *(.fini1)
 *(.fini0)
 .fini0         0x0000000000000b14        0x4 /usr/lib/gcc/avr/4.9.2/avr6/libgcc.a(_exit.o)
 *(.fini0)
                0x0000000000000b18                _etext = .

.data           0x0000000000800200        0x0 load address 0x0000000000000b18
                [!provide]                        PROVIDE (__data_start, .)
 *(.data)
 *(.data*)
 *(.rodata)
 *(.rodata*)
 *(.gnu.linkonce.d*)
                0x0000000000800200                . = ALIGN (0x2)
                0x0000000000800200                _edata = .
                [!provide]                        PROVIDE (__data_end, .)

.bss            0x0000000000800200       0x15
                0x0000000000800200                PROVIDE (__bss_start, .)
 *(.bss)
 *(.bss*)
 .bss.mask      0x0000000000800200        0x1 ./ext.o
                0x0000000000800200                mask
 .bss._ZN6EXTINT18_Extint_singletonsE
                0x0000000000800201       0x10 ./ext.o
                0x0000000000800201                _ZN6EXTINT18_Extint_singletonsE
 .bss.uart      0x0000000000800211        0x1 ./main.o
                0x0000000000800211                uart
 .bss._ZN4UART9_has_dataE
                0x0000000000800212        0x1 ./uart.o
                0x0000000000800212                _ZN4UART9_has_dataE
 .bss._ZN4UART10_rx_bufferE
                0x0000000000800213        0x1 ./uart.o
                0x0000000000800213                _ZN4UART10_rx_bufferE
 .bss._ZN4UART10_tx_bufferE
                0x0000000000800214        0x1 ./uart.o
                0x0000000000800214                _ZN4UART10_tx_bufferE
 *(COMMON)
                0x0000000000800215                PROVIDE (__bss_end, .)
                0x0000000000000b18                __data_load_start = LOADADDR (.data)
                0x0000000000000b18                __data_load_end = (__data_load_start + SIZEOF (.data))

.noinit         0x0000000000800215        0x0
                [!provide]                        PROVIDE (__noinit_start, .)
 *(.noinit*)
                [!provide]                        PROVIDE (__noinit_end, .)
                0x0000000000800215                _end = .
                [!provide]                        PROVIDE (__heap_start, .)

.eeprom         0x0000000000810000        0x0
 *(.eeprom*)
                0x0000000000810000                __eeprom_end = .

.fuse
 *(.fuse)
 *(.lfuse)
 *(.hfuse)
 *(.efuse)

.lock
 *(.lock*)

.signature
 *(.signature*)

.user_signatures
 *(.user_signatures*)

.stab           0x0000000000000000     0x1854
 *(.stab)
 .stab          0x0000000000000000      0x7d4 ./ext.o
 .stab          0x00000000000007d4      0x930 ./main.o
                                        0x93c (size before relaxing)
 .stab          0x0000000000001104      0x750 ./uart.o
                                        0x75c (size before relaxing)

.stabstr        0x0000000000000000     0x1506
 *(.stabstr)
 .stabstr       0x0000000000000000     0x1506 ./ext.o

.stab.excl
 *(.stab.excl)

.stab.exclstr
 *(.stab.exclstr)

.stab.index
 *(.stab.index)

.stab.indexstr
 *(.stab.indexstr)

.comment        0x0000000000000000       0x11
 *(.comment)
 .comment       0x0000000000000000       0x11 ./ext.o
                                         0x12 (size before relaxing)
 .comment       0x0000000000000011       0x12 ./main.o
 .comment       0x0000000000000011       0x12 ./uart.o

.note.gnu.avr.deviceinfo
                0x0000000000000000       0x40
 .note.gnu.avr.deviceinfo
                0x0000000000000000       0x40 /usr/lib/gcc/avr/4.9.2/../../../avr/lib/avr6/crtatmega2560.o

.note.gnu.build-id
 *(.note.gnu.build-id)

.debug
 *(.debug)

.line
 *(.line)

.debug_srcinfo
 *(.debug_srcinfo)

.debug_sfnames
 *(.debug_sfnames)

.debug_aranges
 *(.debug_aranges)

.debug_pubnames
 *(.debug_pubnames)

.debug_info
 *(.debug_info .gnu.linkonce.wi.*)

.debug_abbrev
 *(.debug_abbrev)

.debug_line
 *(.debug_line .debug_line.* .debug_line_end)

.debug_frame
 *(.debug_frame)

.debug_str
 *(.debug_str)

.debug_loc
 *(.debug_loc)

.debug_macinfo
 *(.debug_macinfo)

.debug_weaknames
 *(.debug_weaknames)

.debug_funcnames
 *(.debug_funcnames)

.debug_typenames
 *(.debug_typenames)

.debug_varnames
 *(.debug_varnames)

.debug_pubtypes
 *(.debug_pubtypes)

.debug_ranges
 *(.debug_ranges)

.debug_macro
 *(.debug_macro)
OUTPUT(ext_int.elf elf32-avr)
LOAD linker stubs

Cross Reference Table

Symbol                                            File
_Z12int0_handlerv                                 ./main.o
_Z12int1_handlerv                                 ./main.o
_Z12int2_handlerv                                 ./main.o
_Z12int3_handlerv                                 ./main.o
_Z12int4_handlerv                                 ./main.o
_Z12int5_handlerv                                 ./main.o
_Z12int6_handlerv                                 ./main.o
_Z12int7_handlerv                                 ./main.o
_ZN4UART10_rx_bufferE                             ./uart.o
_ZN4UART10_tx_bufferE                             ./uart.o
_ZN4UART14rx_isr_handlerEv                        ./uart.o
_ZN4UART14tx_isr_handlerEv                        ./uart.o
_ZN4UART3getEv                                    ./uart.o
                                                  ./main.o
_ZN4UART3putEh                                    ./uart.o
                                                  ./main.o
_ZN4UART8has_dataEv                               ./uart.o
                                                  ./main.o
_ZN4UART9_has_dataE                               ./uart.o
_ZN4UARTC1EmNS_10DATABITS_tENS_8PARITY_tENS_10STOPBITS_tE ./uart.o
                                                  ./main.o
_ZN4UARTC2EmNS_10DATABITS_tENS_8PARITY_tENS_10STOPBITS_tE ./uart.o
_ZN4UARTD1Ev                                      ./uart.o
                                                  ./main.o
_ZN4UARTD2Ev                                      ./uart.o
_ZN6EXTINT18_Extint_singletonsE                   ./ext.o
_ZN6EXTINT6enableEv                               ./ext.o
                                                  ./main.o
_ZN6EXTINT7disableEv                              ./ext.o
_ZN6EXTINT8callbackEv                             ./ext.o
_ZN6EXTINTC1ENS_8INT_ID_tENS_5ISC_tEPFvvE         ./ext.o
                                                  ./main.o
_ZN6EXTINTC2ENS_8INT_ID_tENS_5ISC_tEPFvvE         ./ext.o
__bad_interrupt                                   /usr/lib/gcc/avr/4.9.2/../../../avr/lib/avr6/crtatmega2560.o
__bss_end                                         /usr/lib/gcc/avr/4.9.2/avr6/libgcc.a(_clear_bss.o)
__bss_start                                       /usr/lib/gcc/avr/4.9.2/avr6/libgcc.a(_clear_bss.o)
__ctors_end                                       /usr/lib/gcc/avr/4.9.2/avr6/libgcc.a(_ctors.o)
__ctors_start                                     /usr/lib/gcc/avr/4.9.2/avr6/libgcc.a(_ctors.o)
__do_clear_bss                                    /usr/lib/gcc/avr/4.9.2/avr6/libgcc.a(_clear_bss.o)
                                                  ./uart.o
                                                  ./main.o
                                                  ./ext.o
__do_global_ctors                                 /usr/lib/gcc/avr/4.9.2/avr6/libgcc.a(_ctors.o)
                                                  ./main.o
__do_global_dtors                                 /usr/lib/gcc/avr/4.9.2/avr6/libgcc.a(_dtors.o)
                                                  ./main.o
__dtors_end                                       /usr/lib/gcc/avr/4.9.2/avr6/libgcc.a(_dtors.o)
__dtors_start                                     /usr/lib/gcc/avr/4.9.2/avr6/libgcc.a(_dtors.o)
__heap_end                                        /usr/lib/gcc/avr/4.9.2/../../../avr/lib/avr6/crtatmega2560.o
__init                                            /usr/lib/gcc/avr/4.9.2/../../../avr/lib/avr6/crtatmega2560.o
__stack                                           /usr/lib/gcc/avr/4.9.2/../../../avr/lib/avr6/crtatmega2560.o
__tablejump2__                                    /usr/lib/gcc/avr/4.9.2/avr6/libgcc.a(_tablejump2.o)
                                                  /usr/lib/gcc/avr/4.9.2/avr6/libgcc.a(_dtors.o)
                                                  /usr/lib/gcc/avr/4.9.2/avr6/libgcc.a(_ctors.o)
__udivmodsi4                                      /usr/lib/gcc/avr/4.9.2/avr6/libgcc.a(_udivmodsi4.o)
                                                  ./uart.o
__vector_1                                        ./ext.o
                                                  /usr/lib/gcc/avr/4.9.2/../../../avr/lib/avr6/crtatmega2560.o
__vector_10                                       /usr/lib/gcc/avr/4.9.2/../../../avr/lib/avr6/crtatmega2560.o
__vector_11                                       /usr/lib/gcc/avr/4.9.2/../../../avr/lib/avr6/crtatmega2560.o
__vector_12                                       /usr/lib/gcc/avr/4.9.2/../../../avr/lib/avr6/crtatmega2560.o
__vector_13                                       /usr/lib/gcc/avr/4.9.2/../../../avr/lib/avr6/crtatmega2560.o
__vector_14                                       /usr/lib/gcc/avr/4.9.2/../../../avr/lib/avr6/crtatmega2560.o
__vector_15                                       /usr/lib/gcc/avr/4.9.2/../../../avr/lib/avr6/crtatmega2560.o
__vector_16                                       /usr/lib/gcc/avr/4.9.2/../../../avr/lib/avr6/crtatmega2560.o
__vector_17                                       /usr/lib/gcc/avr/4.9.2/../../../avr/lib/avr6/crtatmega2560.o
__vector_18                                       /usr/lib/gcc/avr/4.9.2/../../../avr/lib/avr6/crtatmega2560.o
__vector_19                                       /usr/lib/gcc/avr/4.9.2/../../../avr/lib/avr6/crtatmega2560.o
__vector_2                                        ./ext.o
                                                  /usr/lib/gcc/avr/4.9.2/../../../avr/lib/avr6/crtatmega2560.o
__vector_20                                       /usr/lib/gcc/avr/4.9.2/../../../avr/lib/avr6/crtatmega2560.o
__vector_21                                       /usr/lib/gcc/avr/4.9.2/../../../avr/lib/avr6/crtatmega2560.o
__vector_22                                       /usr/lib/gcc/avr/4.9.2/../../../avr/lib/avr6/crtatmega2560.o
__vector_23                                       /usr/lib/gcc/avr/4.9.2/../../../avr/lib/avr6/crtatmega2560.o
__vector_24                                       /usr/lib/gcc/avr/4.9.2/../../../avr/lib/avr6/crtatmega2560.o
__vector_25                                       ./uart.o
                                                  /usr/lib/gcc/avr/4.9.2/../../../avr/lib/avr6/crtatmega2560.o
__vector_26                                       ./uart.o
                                                  /usr/lib/gcc/avr/4.9.2/../../../avr/lib/avr6/crtatmega2560.o
__vector_27                                       /usr/lib/gcc/avr/4.9.2/../../../avr/lib/avr6/crtatmega2560.o
__vector_28                                       /usr/lib/gcc/avr/4.9.2/../../../avr/lib/avr6/crtatmega2560.o
__vector_29                                       /usr/lib/gcc/avr/4.9.2/../../../avr/lib/avr6/crtatmega2560.o
__vector_3                                        ./ext.o
                                                  /usr/lib/gcc/avr/4.9.2/../../../avr/lib/avr6/crtatmega2560.o
__vector_30                                       /usr/lib/gcc/avr/4.9.2/../../../avr/lib/avr6/crtatmega2560.o
__vector_31                                       /usr/lib/gcc/avr/4.9.2/../../../avr/lib/avr6/crtatmega2560.o
__vector_32                                       /usr/lib/gcc/avr/4.9.2/../../../avr/lib/avr6/crtatmega2560.o
__vector_33                                       /usr/lib/gcc/avr/4.9.2/../../../avr/lib/avr6/crtatmega2560.o
__vector_34                                       /usr/lib/gcc/avr/4.9.2/../../../avr/lib/avr6/crtatmega2560.o
__vector_35                                       /usr/lib/gcc/avr/4.9.2/../../../avr/lib/avr6/crtatmega2560.o
__vector_36                                       /usr/lib/gcc/avr/4.9.2/../../../avr/lib/avr6/crtatmega2560.o
__vector_37                                       /usr/lib/gcc/avr/4.9.2/../../../avr/lib/avr6/crtatmega2560.o
__vector_38                                       /usr/lib/gcc/avr/4.9.2/../../../avr/lib/avr6/crtatmega2560.o
__vector_39                                       /usr/lib/gcc/avr/4.9.2/../../../avr/lib/avr6/crtatmega2560.o
__vector_4                                        ./ext.o
                                                  /usr/lib/gcc/avr/4.9.2/../../../avr/lib/avr6/crtatmega2560.o
__vector_40                                       /usr/lib/gcc/avr/4.9.2/../../../avr/lib/avr6/crtatmega2560.o
__vector_41                                       /usr/lib/gcc/avr/4.9.2/../../../avr/lib/avr6/crtatmega2560.o
__vector_42                                       /usr/lib/gcc/avr/4.9.2/../../../avr/lib/avr6/crtatmega2560.o
__vector_43                                       /usr/lib/gcc/avr/4.9.2/../../../avr/lib/avr6/crtatmega2560.o
__vector_44                                       /usr/lib/gcc/avr/4.9.2/../../../avr/lib/avr6/crtatmega2560.o
__vector_45                                       /usr/lib/gcc/avr/4.9.2/../../../avr/lib/avr6/crtatmega2560.o
__vector_46                                       /usr/lib/gcc/avr/4.9.2/../../../avr/lib/avr6/crtatmega2560.o
__vector_47                                       /usr/lib/gcc/avr/4.9.2/../../../avr/lib/avr6/crtatmega2560.o
__vector_48                                       /usr/lib/gcc/avr/4.9.2/../../../avr/lib/avr6/crtatmega2560.o
__vector_49                                       /usr/lib/gcc/avr/4.9.2/../../../avr/lib/avr6/crtatmega2560.o
__vector_5                                        ./ext.o
                                                  /usr/lib/gcc/avr/4.9.2/../../../avr/lib/avr6/crtatmega2560.o
__vector_50                                       /usr/lib/gcc/avr/4.9.2/../../../avr/lib/avr6/crtatmega2560.o
__vector_51                                       /usr/lib/gcc/avr/4.9.2/../../../avr/lib/avr6/crtatmega2560.o
__vector_52                                       /usr/lib/gcc/avr/4.9.2/../../../avr/lib/avr6/crtatmega2560.o
__vector_53                                       /usr/lib/gcc/avr/4.9.2/../../../avr/lib/avr6/crtatmega2560.o
__vector_54                                       /usr/lib/gcc/avr/4.9.2/../../../avr/lib/avr6/crtatmega2560.o
__vector_55                                       /usr/lib/gcc/avr/4.9.2/../../../avr/lib/avr6/crtatmega2560.o
__vector_56                                       /usr/lib/gcc/avr/4.9.2/../../../avr/lib/avr6/crtatmega2560.o
__vector_6                                        ./ext.o
                                                  /usr/lib/gcc/avr/4.9.2/../../../avr/lib/avr6/crtatmega2560.o
__vector_7                                        ./ext.o
                                                  /usr/lib/gcc/avr/4.9.2/../../../avr/lib/avr6/crtatmega2560.o
__vector_8                                        ./ext.o
                                                  /usr/lib/gcc/avr/4.9.2/../../../avr/lib/avr6/crtatmega2560.o
__vector_9                                        /usr/lib/gcc/avr/4.9.2/../../../avr/lib/avr6/crtatmega2560.o
__vector_default                                  /usr/lib/gcc/avr/4.9.2/../../../avr/lib/avr6/crtatmega2560.o
__vectors                                         /usr/lib/gcc/avr/4.9.2/../../../avr/lib/avr6/crtatmega2560.o
_exit                                             /usr/lib/gcc/avr/4.9.2/avr6/libgcc.a(_exit.o)
exit                                              /usr/lib/gcc/avr/4.9.2/avr6/libgcc.a(_exit.o)
                                                  /usr/lib/gcc/avr/4.9.2/../../../avr/lib/avr6/crtatmega2560.o
main                                              ./main.o
                                                  /usr/lib/gcc/avr/4.9.2/../../../avr/lib/avr6/crtatmega2560.o
mask                                              ./ext.o
uart                                              ./main.o
